2026-05-15 18:13:10,088 [ERROR] GET fail (1): 404 Client Error: Not Found for url: https://www.cheapshark.com/api/1.0/deals?id=%252B7mFtu1s4rXdW08gG3pe6ylDw0PF5zokn%252BueKvhMal8%253D
2026-05-15 18:13:12,615 [ERROR] GET fail (2): 404 Client Error: Not Found for url: https://www.cheapshark.com/api/1.0/deals?id=%252B7mFtu1s4rXdW08gG3pe6ylDw0PF5zokn%252BueKvhMal8%253D
2026-05-15 18:13:17,144 [ERROR] GET fail (3): 404 Client Error: Not Found for url: https://www.cheapshark.com/api/1.0/deals?id=%252B7mFtu1s4rXdW08gG3pe6ylDw0PF5zokn%252BueKvhMal8%253D
2026-05-15 18:13:26,776 [ERROR] GET fail (1): 404 Client Error: Not Found for url: https://www.cheapshark.com/api/1.0/deals?id=AXGkE9mTWmc4Ex9JyjQ6FmCwsB%252BD959IH9dVGXyFzi0%253D
2026-05-15 18:13:29,307 [ERROR] GET fail (2): 404 Client Error: Not Found for url: https://www.cheapshark.com/api/1.0/deals?id=AXGkE9mTWmc4Ex9JyjQ6FmCwsB%252BD959IH9dVGXyFzi0%253D
2026-05-15 18:13:33,835 [ERROR] GET fail (3): 404 Client Error: Not Found for url: https://www.cheapshark.com/api/1.0/deals?id=AXGkE9mTWmc4Ex9JyjQ6FmCwsB%252BD959IH9dVGXyFzi0%253D
2026-05-15 18:13:40,591 [ERROR] GET fail (1): 404 Client Error: Not Found for url: https://www.cheapshark.com/api/1.0/deals?id=jyq0wL7zIkJh3LNixJs81uXyZIxsGRDSATupDJ62d7g%253D
2026-05-15 18:13:43,120 [ERROR] GET fail (2): 404 Client Error: Not Found for url: https://www.cheapshark.com/api/1.0/deals?id=jyq0wL7zIkJh3LNixJs81uXyZIxsGRDSATupDJ62d7g%253D
2026-05-15 18:13:47,647 [ERROR] GET fail (3): 404 Client Error: Not Found for url: https://www.cheapshark.com/api/1.0/deals?id=jyq0wL7zIkJh3LNixJs81uXyZIxsGRDSATupDJ62d7g%253D
2026-05-15 18:13:54,474 [ERROR] GET fail (1): 404 Client Error: Not Found for url: https://www.cheapshark.com/api/1.0/deals?id=0yH%252B27fnkwwPMEtLKiv52IGhamBesRW%252F9Ictx3%252B%252B2t0%253D
2026-05-15 18:13:57,001 [ERROR] GET fail (2): 404 Client Error: Not Found for url: https://www.cheapshark.com/api/1.0/deals?id=0yH%252B27fnkwwPMEtLKiv52IGhamBesRW%252F9Ictx3%252B%252B2t0%253D
2026-05-15 18:14:01,530 [ERROR] GET fail (3): 404 Client Error: Not Found for url: https://www.cheapshark.com/api/1.0/deals?id=0yH%252B27fnkwwPMEtLKiv52IGhamBesRW%252F9Ictx3%252B%252B2t0%253D
2026-05-15 18:14:01,531 [INFO] Skipped DLC/Edition: Divinity: Original Sin 2 - Definitive Edition
2026-05-15 18:14:11,441 [ERROR] GET fail (1): 404 Client Error: Not Found for url: https://www.cheapshark.com/api/1.0/deals?id=vTZ81A14wUS99zrsTQ2UVPE%252BbPMgndYC%252BNJbOgQZ7Fs%253D
2026-05-15 18:14:13,972 [ERROR] GET fail (2): 404 Client Error: Not Found for url: https://www.cheapshark.com/api/1.0/deals?id=vTZ81A14wUS99zrsTQ2UVPE%252BbPMgndYC%252BNJbOgQZ7Fs%253D
2026-05-15 18:14:18,502 [ERROR] GET fail (3): 404 Client Error: Not Found for url: https://www.cheapshark.com/api/1.0/deals?id=vTZ81A14wUS99zrsTQ2UVPE%252BbPMgndYC%252BNJbOgQZ7Fs%253D
2026-05-15 18:14:25,188 [ERROR] GET fail (1): 404 Client Error: Not Found for url: https://www.cheapshark.com/api/1.0/deals?id=umKtFpcd%252BCEVAwmG7uybgULndFuKkbhBX9YY%252FGJBWFM%253D
2026-05-15 18:14:27,719 [ERROR] GET fail (2): 404 Client Error: Not Found for url: https://www.cheapshark.com/api/1.0/deals?id=umKtFpcd%252BCEVAwmG7uybgULndFuKkbhBX9YY%252FGJBWFM%253D
2026-05-15 18:14:32,247 [ERROR] GET fail (3): 404 Client Error: Not Found for url: https://www.cheapshark.com/api/1.0/deals?id=umKtFpcd%252BCEVAwmG7uybgULndFuKkbhBX9YY%252FGJBWFM%253D
2026-05-15 18:14:43,171 [ERROR] GET fail (1): 404 Client Error: Not Found for url: https://www.cheapshark.com/api/1.0/deals?id=o8vfakRP1Fk4UFNZPw3f7xCLtxfF5HJB%252BkifJVmV%252Bwo%253D
2026-05-15 18:14:45,703 [ERROR] GET fail (2): 404 Client Error: Not Found for url: https://www.cheapshark.com/api/1.0/deals?id=o8vfakRP1Fk4UFNZPw3f7xCLtxfF5HJB%252BkifJVmV%252Bwo%253D
2026-05-15 18:14:50,233 [ERROR] GET fail (3): 404 Client Error: Not Found for url: https://www.cheapshark.com/api/1.0/deals?id=o8vfakRP1Fk4UFNZPw3f7xCLtxfF5HJB%252BkifJVmV%252Bwo%253D
2026-05-15 18:15:01,886 [ERROR] GET fail (1): 404 Client Error: Not Found for url: https://www.cheapshark.com/api/1.0/deals?id=%252FRRvRbW4trH2Me4HcfUIFk5pCGamwlMuyid9ZTDJ4do%253D
2026-05-15 18:15:04,416 [ERROR] GET fail (2): 404 Client Error: Not Found for url: https://www.cheapshark.com/api/1.0/deals?id=%252FRRvRbW4trH2Me4HcfUIFk5pCGamwlMuyid9ZTDJ4do%253D
2026-05-15 18:15:08,943 [ERROR] GET fail (3): 404 Client Error: Not Found for url: https://www.cheapshark.com/api/1.0/deals?id=%252FRRvRbW4trH2Me4HcfUIFk5pCGamwlMuyid9ZTDJ4do%253D
2026-05-15 18:15:43,696 [ERROR] GET fail (1): 404 Client Error: Not Found for url: https://www.cheapshark.com/api/1.0/deals?id=59lFoDjVJRYLp30FBR2CTbVqDc1pLUVdcrVhcRfvDqw%253D
2026-05-15 18:15:46,225 [ERROR] GET fail (2): 404 Client Error: Not Found for url: https://www.cheapshark.com/api/1.0/deals?id=59lFoDjVJRYLp30FBR2CTbVqDc1pLUVdcrVhcRfvDqw%253D
2026-05-15 18:15:50,751 [ERROR] GET fail (3): 404 Client Error: Not Found for url: https://www.cheapshark.com/api/1.0/deals?id=59lFoDjVJRYLp30FBR2CTbVqDc1pLUVdcrVhcRfvDqw%253D
2026-05-15 18:15:50,751 [INFO] Filtered out 1 DLC/expansion entries
2026-05-15 18:15:50,755 [INFO] Saved: c:\Users\ACER\Downloads\auk 2\output\bitscore_20260515_181550.json
2026-05-15 18:27:25,294 [ERROR] GET fail (1): 404 Client Error: Not Found for url: https://www.cheapshark.com/api/1.0/deals?id=%252B7mFtu1s4rXdW08gG3pe6ylDw0PF5zokn%252BueKvhMal8%253D
2026-05-15 18:27:27,826 [ERROR] GET fail (2): 404 Client Error: Not Found for url: https://www.cheapshark.com/api/1.0/deals?id=%252B7mFtu1s4rXdW08gG3pe6ylDw0PF5zokn%252BueKvhMal8%253D
2026-05-15 18:27:32,357 [ERROR] GET fail (3): 404 Client Error: Not Found for url: https://www.cheapshark.com/api/1.0/deals?id=%252B7mFtu1s4rXdW08gG3pe6ylDw0PF5zokn%252BueKvhMal8%253D
2026-05-15 18:27:38,605 [ERROR] GET fail (1): 404 Client Error: Not Found for url: https://www.cheapshark.com/api/1.0/deals?id=AXGkE9mTWmc4Ex9JyjQ6FmCwsB%252BD959IH9dVGXyFzi0%253D
2026-05-15 18:27:41,135 [ERROR] GET fail (2): 404 Client Error: Not Found for url: https://www.cheapshark.com/api/1.0/deals?id=AXGkE9mTWmc4Ex9JyjQ6FmCwsB%252BD959IH9dVGXyFzi0%253D
2026-05-15 18:27:45,673 [ERROR] GET fail (3): 404 Client Error: Not Found for url: https://www.cheapshark.com/api/1.0/deals?id=AXGkE9mTWmc4Ex9JyjQ6FmCwsB%252BD959IH9dVGXyFzi0%253D
2026-05-15 18:27:51,696 [ERROR] GET fail (1): 404 Client Error: Not Found for url: https://www.cheapshark.com/api/1.0/deals?id=jyq0wL7zIkJh3LNixJs81uXyZIxsGRDSATupDJ62d7g%253D
2026-05-15 18:27:54,226 [ERROR] GET fail (2): 404 Client Error: Not Found for url: https://www.cheapshark.com/api/1.0/deals?id=jyq0wL7zIkJh3LNixJs81uXyZIxsGRDSATupDJ62d7g%253D
2026-05-15 18:27:58,759 [ERROR] GET fail (3): 404 Client Error: Not Found for url: https://www.cheapshark.com/api/1.0/deals?id=jyq0wL7zIkJh3LNixJs81uXyZIxsGRDSATupDJ62d7g%253D
2026-05-15 18:28:04,620 [ERROR] GET fail (1): 404 Client Error: Not Found for url: https://www.cheapshark.com/api/1.0/deals?id=0yH%252B27fnkwwPMEtLKiv52IGhamBesRW%252F9Ictx3%252B%252B2t0%253D
2026-05-15 18:28:07,153 [ERROR] GET fail (2): 404 Client Error: Not Found for url: https://www.cheapshark.com/api/1.0/deals?id=0yH%252B27fnkwwPMEtLKiv52IGhamBesRW%252F9Ictx3%252B%252B2t0%253D
2026-05-15 18:28:11,686 [ERROR] GET fail (3): 404 Client Error: Not Found for url: https://www.cheapshark.com/api/1.0/deals?id=0yH%252B27fnkwwPMEtLKiv52IGhamBesRW%252F9Ictx3%252B%252B2t0%253D
2026-05-15 18:28:11,687 [INFO] Skipped DLC/Edition: Divinity: Original Sin 2 - Definitive Edition
2026-05-15 18:28:17,662 [ERROR] GET fail (1): 404 Client Error: Not Found for url: https://www.cheapshark.com/api/1.0/deals?id=vTZ81A14wUS99zrsTQ2UVPE%252BbPMgndYC%252BNJbOgQZ7Fs%253D
2026-05-15 18:28:20,192 [ERROR] GET fail (2): 404 Client Error: Not Found for url: https://www.cheapshark.com/api/1.0/deals?id=vTZ81A14wUS99zrsTQ2UVPE%252BbPMgndYC%252BNJbOgQZ7Fs%253D
2026-05-15 18:28:24,725 [ERROR] GET fail (3): 404 Client Error: Not Found for url: https://www.cheapshark.com/api/1.0/deals?id=vTZ81A14wUS99zrsTQ2UVPE%252BbPMgndYC%252BNJbOgQZ7Fs%253D
2026-05-15 18:28:30,786 [ERROR] GET fail (1): 404 Client Error: Not Found for url: https://www.cheapshark.com/api/1.0/deals?id=umKtFpcd%252BCEVAwmG7uybgULndFuKkbhBX9YY%252FGJBWFM%253D
2026-05-15 18:28:33,315 [ERROR] GET fail (2): 404 Client Error: Not Found for url: https://www.cheapshark.com/api/1.0/deals?id=umKtFpcd%252BCEVAwmG7uybgULndFuKkbhBX9YY%252FGJBWFM%253D
2026-05-15 18:28:37,846 [ERROR] GET fail (3): 404 Client Error: Not Found for url: https://www.cheapshark.com/api/1.0/deals?id=umKtFpcd%252BCEVAwmG7uybgULndFuKkbhBX9YY%252FGJBWFM%253D
2026-05-15 18:28:46,556 [ERROR] GET fail (1): 404 Client Error: Not Found for url: https://www.cheapshark.com/api/1.0/deals?id=o8vfakRP1Fk4UFNZPw3f7xCLtxfF5HJB%252BkifJVmV%252Bwo%253D
2026-05-15 18:28:49,089 [ERROR] GET fail (2): 404 Client Error: Not Found for url: https://www.cheapshark.com/api/1.0/deals?id=o8vfakRP1Fk4UFNZPw3f7xCLtxfF5HJB%252BkifJVmV%252Bwo%253D
2026-05-15 18:28:53,621 [ERROR] GET fail (3): 404 Client Error: Not Found for url: https://www.cheapshark.com/api/1.0/deals?id=o8vfakRP1Fk4UFNZPw3f7xCLtxfF5HJB%252BkifJVmV%252Bwo%253D
2026-05-15 18:29:09,498 [ERROR] GET fail (1): 404 Client Error: Not Found for url: https://www.cheapshark.com/api/1.0/deals?id=%252FRRvRbW4trH2Me4HcfUIFk5pCGamwlMuyid9ZTDJ4do%253D
2026-05-15 18:29:12,029 [ERROR] GET fail (2): 404 Client Error: Not Found for url: https://www.cheapshark.com/api/1.0/deals?id=%252FRRvRbW4trH2Me4HcfUIFk5pCGamwlMuyid9ZTDJ4do%253D
2026-05-15 18:29:16,562 [ERROR] GET fail (3): 404 Client Error: Not Found for url: https://www.cheapshark.com/api/1.0/deals?id=%252FRRvRbW4trH2Me4HcfUIFk5pCGamwlMuyid9ZTDJ4do%253D
2026-05-15 18:29:51,937 [ERROR] GET fail (1): 404 Client Error: Not Found for url: https://www.cheapshark.com/api/1.0/deals?id=59lFoDjVJRYLp30FBR2CTbVqDc1pLUVdcrVhcRfvDqw%253D
2026-05-15 18:29:54,471 [ERROR] GET fail (2): 404 Client Error: Not Found for url: https://www.cheapshark.com/api/1.0/deals?id=59lFoDjVJRYLp30FBR2CTbVqDc1pLUVdcrVhcRfvDqw%253D
2026-05-15 18:29:59,004 [ERROR] GET fail (3): 404 Client Error: Not Found for url: https://www.cheapshark.com/api/1.0/deals?id=59lFoDjVJRYLp30FBR2CTbVqDc1pLUVdcrVhcRfvDqw%253D
2026-05-15 18:30:10,458 [ERROR] GET fail (1): 404 Client Error: Not Found for url: https://www.cheapshark.com/api/1.0/deals?id=BoGqJsJ75NbNqgbNmcsFhMPQnb3%252BUBi%252FJhoiPjGf4RM%253D
2026-05-15 18:30:12,990 [ERROR] GET fail (2): 404 Client Error: Not Found for url: https://www.cheapshark.com/api/1.0/deals?id=BoGqJsJ75NbNqgbNmcsFhMPQnb3%252BUBi%252FJhoiPjGf4RM%253D
2026-05-15 18:30:17,522 [ERROR] GET fail (3): 404 Client Error: Not Found for url: https://www.cheapshark.com/api/1.0/deals?id=BoGqJsJ75NbNqgbNmcsFhMPQnb3%252BUBi%252FJhoiPjGf4RM%253D
2026-05-15 18:30:17,523 [INFO] Skipped DLC/Edition: The Witcher 3: Wild Hunt – Blood and Wine
2026-05-15 18:30:24,554 [ERROR] GET fail (1): 404 Client Error: Not Found for url: https://www.cheapshark.com/api/1.0/deals?id=qX6XXhn7wfPXUtGFLu09jLulq%252FufGaUWgYQiYWt7gFc%253D
2026-05-15 18:30:27,087 [ERROR] GET fail (2): 404 Client Error: Not Found for url: https://www.cheapshark.com/api/1.0/deals?id=qX6XXhn7wfPXUtGFLu09jLulq%252FufGaUWgYQiYWt7gFc%253D
2026-05-15 18:30:31,624 [ERROR] GET fail (3): 404 Client Error: Not Found for url: https://www.cheapshark.com/api/1.0/deals?id=qX6XXhn7wfPXUtGFLu09jLulq%252FufGaUWgYQiYWt7gFc%253D
2026-05-15 18:30:31,625 [INFO] Skipped DLC/Edition: The Witcher 3 Wild Hunt - Complete Edition
2026-05-15 18:30:46,269 [ERROR] GET fail (1): 404 Client Error: Not Found for url: https://www.cheapshark.com/api/1.0/deals?id=xp5saYR8o00pMpc%252Bb9jKjHOt69exT8tP%252BtvyFlH92g8%253D
2026-05-15 18:30:48,800 [ERROR] GET fail (2): 404 Client Error: Not Found for url: https://www.cheapshark.com/api/1.0/deals?id=xp5saYR8o00pMpc%252Bb9jKjHOt69exT8tP%252BtvyFlH92g8%253D
2026-05-15 18:30:53,330 [ERROR] GET fail (3): 404 Client Error: Not Found for url: https://www.cheapshark.com/api/1.0/deals?id=xp5saYR8o00pMpc%252Bb9jKjHOt69exT8tP%252BtvyFlH92g8%253D
2026-05-15 18:30:57,623 [ERROR] GET fail (1): 404 Client Error: Not Found for url: https://www.cheapshark.com/api/1.0/deals?id=%252FyLj8cfKIsaB23suznBKRMvnwp9BIaqC9Vdjh07ygEY%253D
2026-05-15 18:31:00,156 [ERROR] GET fail (2): 404 Client Error: Not Found for url: https://www.cheapshark.com/api/1.0/deals?id=%252FyLj8cfKIsaB23suznBKRMvnwp9BIaqC9Vdjh07ygEY%253D
2026-05-15 18:31:04,687 [ERROR] GET fail (3): 404 Client Error: Not Found for url: https://www.cheapshark.com/api/1.0/deals?id=%252FyLj8cfKIsaB23suznBKRMvnwp9BIaqC9Vdjh07ygEY%253D
2026-05-15 18:31:11,451 [ERROR] GET fail (1): 404 Client Error: Not Found for url: https://www.cheapshark.com/api/1.0/deals?id=3Y%252Fp3MbsSuCo%252FLOFoOL7cnlYwZl1qBKQCMsAaqZHRl8%253D
2026-05-15 18:31:13,985 [ERROR] GET fail (2): 404 Client Error: Not Found for url: https://www.cheapshark.com/api/1.0/deals?id=3Y%252Fp3MbsSuCo%252FLOFoOL7cnlYwZl1qBKQCMsAaqZHRl8%253D
2026-05-15 18:31:18,516 [ERROR] GET fail (3): 404 Client Error: Not Found for url: https://www.cheapshark.com/api/1.0/deals?id=3Y%252Fp3MbsSuCo%252FLOFoOL7cnlYwZl1qBKQCMsAaqZHRl8%253D
2026-05-15 18:31:25,267 [ERROR] GET fail (1): 404 Client Error: Not Found for url: https://www.cheapshark.com/api/1.0/deals?id=vBcBR5HWelc%252BiepW0ceo1R9oJ%252B9wpjDbDU2s07JCbvk%253D
2026-05-15 18:31:27,799 [ERROR] GET fail (2): 404 Client Error: Not Found for url: https://www.cheapshark.com/api/1.0/deals?id=vBcBR5HWelc%252BiepW0ceo1R9oJ%252B9wpjDbDU2s07JCbvk%253D
2026-05-15 18:31:32,331 [ERROR] GET fail (3): 404 Client Error: Not Found for url: https://www.cheapshark.com/api/1.0/deals?id=vBcBR5HWelc%252BiepW0ceo1R9oJ%252B9wpjDbDU2s07JCbvk%253D
2026-05-15 18:31:37,077 [ERROR] GET fail (1): 404 Client Error: Not Found for url: https://www.cheapshark.com/api/1.0/deals?id=ewG12dQal44wuGLHw65gaN%252FIqWWGAiTO5RNURcSZ6Fc%253D
2026-05-15 18:31:39,610 [ERROR] GET fail (2): 404 Client Error: Not Found for url: https://www.cheapshark.com/api/1.0/deals?id=ewG12dQal44wuGLHw65gaN%252FIqWWGAiTO5RNURcSZ6Fc%253D
2026-05-15 18:31:44,140 [ERROR] GET fail (3): 404 Client Error: Not Found for url: https://www.cheapshark.com/api/1.0/deals?id=ewG12dQal44wuGLHw65gaN%252FIqWWGAiTO5RNURcSZ6Fc%253D
2026-05-15 18:31:50,998 [ERROR] GET fail (1): 404 Client Error: Not Found for url: https://www.cheapshark.com/api/1.0/deals?id=qSg2VcYzUQwqUvF3Wx77Qik32zw%252FK2kPE6utdwexIEQ%253D
2026-05-15 18:31:53,550 [ERROR] GET fail (2): 404 Client Error: Not Found for url: https://www.cheapshark.com/api/1.0/deals?id=qSg2VcYzUQwqUvF3Wx77Qik32zw%252FK2kPE6utdwexIEQ%253D
2026-05-15 18:31:58,088 [ERROR] GET fail (3): 404 Client Error: Not Found for url: https://www.cheapshark.com/api/1.0/deals?id=qSg2VcYzUQwqUvF3Wx77Qik32zw%252FK2kPE6utdwexIEQ%253D
2026-05-15 18:32:04,799 [ERROR] GET fail (1): 404 Client Error: Not Found for url: https://www.cheapshark.com/api/1.0/deals?id=ElXAt%252Fp8eptbnMaqQqLKv%252FhGbhfucyS5hR1TcbTHmxE%253D
2026-05-15 18:32:07,331 [ERROR] GET fail (2): 404 Client Error: Not Found for url: https://www.cheapshark.com/api/1.0/deals?id=ElXAt%252Fp8eptbnMaqQqLKv%252FhGbhfucyS5hR1TcbTHmxE%253D
2026-05-15 18:32:11,865 [ERROR] GET fail (3): 404 Client Error: Not Found for url: https://www.cheapshark.com/api/1.0/deals?id=ElXAt%252Fp8eptbnMaqQqLKv%252FhGbhfucyS5hR1TcbTHmxE%253D
2026-05-15 18:32:22,771 [INFO] Skipped DLC/Edition: DRAGON QUEST XI S: Echoes of an Elusive Age - Definitive Edition
2026-05-15 18:32:29,423 [ERROR] GET fail (1): 404 Client Error: Not Found for url: https://www.cheapshark.com/api/1.0/deals?id=9oCZd%252F6i%252FfED3pJBNNXtgoFB1SbgG0FkRoSQPEIad58%253D
2026-05-15 18:32:31,954 [ERROR] GET fail (2): 404 Client Error: Not Found for url: https://www.cheapshark.com/api/1.0/deals?id=9oCZd%252F6i%252FfED3pJBNNXtgoFB1SbgG0FkRoSQPEIad58%253D
2026-05-15 18:32:36,486 [ERROR] GET fail (3): 404 Client Error: Not Found for url: https://www.cheapshark.com/api/1.0/deals?id=9oCZd%252F6i%252FfED3pJBNNXtgoFB1SbgG0FkRoSQPEIad58%253D
2026-05-15 18:32:43,318 [ERROR] GET fail (1): 404 Client Error: Not Found for url: https://www.cheapshark.com/api/1.0/deals?id=%252F3LJoxNCnF2mH9VqZc8EtuIAsvlpQItIB2MMWNyWk%252Bk%253D
2026-05-15 18:32:45,848 [ERROR] GET fail (2): 404 Client Error: Not Found for url: https://www.cheapshark.com/api/1.0/deals?id=%252F3LJoxNCnF2mH9VqZc8EtuIAsvlpQItIB2MMWNyWk%252Bk%253D
2026-05-15 18:32:50,383 [ERROR] GET fail (3): 404 Client Error: Not Found for url: https://www.cheapshark.com/api/1.0/deals?id=%252F3LJoxNCnF2mH9VqZc8EtuIAsvlpQItIB2MMWNyWk%252Bk%253D
2026-05-15 18:32:57,196 [ERROR] GET fail (1): 404 Client Error: Not Found for url: https://www.cheapshark.com/api/1.0/deals?id=cOZmIEjtHzMQo8aqwzYPZvrEN%252BKt2as61wN%252FqbdxBJc%253D
2026-05-15 18:32:59,728 [ERROR] GET fail (2): 404 Client Error: Not Found for url: https://www.cheapshark.com/api/1.0/deals?id=cOZmIEjtHzMQo8aqwzYPZvrEN%252BKt2as61wN%252FqbdxBJc%253D
2026-05-15 18:33:04,265 [ERROR] GET fail (3): 404 Client Error: Not Found for url: https://www.cheapshark.com/api/1.0/deals?id=cOZmIEjtHzMQo8aqwzYPZvrEN%252BKt2as61wN%252FqbdxBJc%253D
2026-05-15 18:33:11,344 [ERROR] GET fail (1): 404 Client Error: Not Found for url: https://www.cheapshark.com/api/1.0/deals?id=CLtImwsRjJKgaurd0w2E%252BXKAnKcZSo9rNl%252FfnVD1NEY%253D
2026-05-15 18:33:13,879 [ERROR] GET fail (2): 404 Client Error: Not Found for url: https://www.cheapshark.com/api/1.0/deals?id=CLtImwsRjJKgaurd0w2E%252BXKAnKcZSo9rNl%252FfnVD1NEY%253D
2026-05-15 18:33:18,483 [ERROR] GET fail (3): 404 Client Error: Not Found for url: https://www.cheapshark.com/api/1.0/deals?id=CLtImwsRjJKgaurd0w2E%252BXKAnKcZSo9rNl%252FfnVD1NEY%253D
2026-05-15 18:33:31,486 [ERROR] GET fail (1): 404 Client Error: Not Found for url: https://www.cheapshark.com/api/1.0/deals?id=r9Ln%252F3UUhvz29j8nrdkGCx9OJUC%252Bqcvy8tcurKxIkpc%253D
2026-05-15 18:33:34,015 [ERROR] GET fail (2): 404 Client Error: Not Found for url: https://www.cheapshark.com/api/1.0/deals?id=r9Ln%252F3UUhvz29j8nrdkGCx9OJUC%252Bqcvy8tcurKxIkpc%253D
2026-05-15 18:33:38,546 [ERROR] GET fail (3): 404 Client Error: Not Found for url: https://www.cheapshark.com/api/1.0/deals?id=r9Ln%252F3UUhvz29j8nrdkGCx9OJUC%252Bqcvy8tcurKxIkpc%253D
2026-05-15 18:33:45,582 [ERROR] GET fail (1): 404 Client Error: Not Found for url: https://www.cheapshark.com/api/1.0/deals?id=NKw2DmF5J0mve6DCtRE5kiO778vCB5ddUEKk9RPcHcQ%253D
2026-05-15 18:33:48,112 [ERROR] GET fail (2): 404 Client Error: Not Found for url: https://www.cheapshark.com/api/1.0/deals?id=NKw2DmF5J0mve6DCtRE5kiO778vCB5ddUEKk9RPcHcQ%253D
2026-05-15 18:33:52,645 [ERROR] GET fail (3): 404 Client Error: Not Found for url: https://www.cheapshark.com/api/1.0/deals?id=NKw2DmF5J0mve6DCtRE5kiO778vCB5ddUEKk9RPcHcQ%253D
2026-05-15 18:33:59,300 [ERROR] GET fail (1): 404 Client Error: Not Found for url: https://www.cheapshark.com/api/1.0/deals?id=yRX77X0xCTyBsBG72fVPodnSvorUZbwnSiHJ5YIt9Mw%253D
2026-05-15 18:34:01,832 [ERROR] GET fail (2): 404 Client Error: Not Found for url: https://www.cheapshark.com/api/1.0/deals?id=yRX77X0xCTyBsBG72fVPodnSvorUZbwnSiHJ5YIt9Mw%253D
2026-05-15 18:34:06,366 [ERROR] GET fail (3): 404 Client Error: Not Found for url: https://www.cheapshark.com/api/1.0/deals?id=yRX77X0xCTyBsBG72fVPodnSvorUZbwnSiHJ5YIt9Mw%253D
2026-05-15 18:34:13,005 [ERROR] GET fail (1): 404 Client Error: Not Found for url: https://www.cheapshark.com/api/1.0/deals?id=HzdeH6ogHObDWbF1H8EXSRRDYFtWI3rFv75QJmAQyQY%253D
2026-05-15 18:34:15,537 [ERROR] GET fail (2): 404 Client Error: Not Found for url: https://www.cheapshark.com/api/1.0/deals?id=HzdeH6ogHObDWbF1H8EXSRRDYFtWI3rFv75QJmAQyQY%253D
2026-05-15 18:34:20,069 [ERROR] GET fail (3): 404 Client Error: Not Found for url: https://www.cheapshark.com/api/1.0/deals?id=HzdeH6ogHObDWbF1H8EXSRRDYFtWI3rFv75QJmAQyQY%253D
2026-05-15 18:34:23,711 [INFO] Skipped DLC/Edition: The Witcher 3: Wild Hunt – Hearts of Stone
2026-05-15 18:34:31,339 [ERROR] GET fail (1): 404 Client Error: Not Found for url: https://www.cheapshark.com/api/1.0/deals?id=iHx1fV9PJYDBev4fUt1k3rJlbha98oLAhaVY5BBqvcM%253D
2026-05-15 18:34:33,871 [ERROR] GET fail (2): 404 Client Error: Not Found for url: https://www.cheapshark.com/api/1.0/deals?id=iHx1fV9PJYDBev4fUt1k3rJlbha98oLAhaVY5BBqvcM%253D
2026-05-15 18:34:38,402 [ERROR] GET fail (3): 404 Client Error: Not Found for url: https://www.cheapshark.com/api/1.0/deals?id=iHx1fV9PJYDBev4fUt1k3rJlbha98oLAhaVY5BBqvcM%253D
2026-05-15 18:34:45,101 [ERROR] GET fail (1): 404 Client Error: Not Found for url: https://www.cheapshark.com/api/1.0/deals?id=Hry4PjzwGVs%252FN4gV6%252FWbQ0CJAgWSzZ%252BhpFCb2APxQoA%253D
2026-05-15 18:34:47,633 [ERROR] GET fail (2): 404 Client Error: Not Found for url: https://www.cheapshark.com/api/1.0/deals?id=Hry4PjzwGVs%252FN4gV6%252FWbQ0CJAgWSzZ%252BhpFCb2APxQoA%253D
2026-05-15 18:34:52,165 [ERROR] GET fail (3): 404 Client Error: Not Found for url: https://www.cheapshark.com/api/1.0/deals?id=Hry4PjzwGVs%252FN4gV6%252FWbQ0CJAgWSzZ%252BhpFCb2APxQoA%253D
2026-05-15 18:35:01,144 [ERROR] GET fail (1): 404 Client Error: Not Found for url: https://www.cheapshark.com/api/1.0/deals?id=KC2tIy4uobynyxWVxxak98IKhGjUiskl%252F7LTdslDrvg%253D
2026-05-15 18:35:03,675 [ERROR] GET fail (2): 404 Client Error: Not Found for url: https://www.cheapshark.com/api/1.0/deals?id=KC2tIy4uobynyxWVxxak98IKhGjUiskl%252F7LTdslDrvg%253D
2026-05-15 18:35:08,210 [ERROR] GET fail (3): 404 Client Error: Not Found for url: https://www.cheapshark.com/api/1.0/deals?id=KC2tIy4uobynyxWVxxak98IKhGjUiskl%252F7LTdslDrvg%253D
2026-05-15 18:35:15,427 [ERROR] GET fail (1): 404 Client Error: Not Found for url: https://www.cheapshark.com/api/1.0/deals?id=g6Eegjh7e0QEQasT%252F%252FtQgBJmIPRkPiE9qEa3VRbjxrE%253D
2026-05-15 18:35:17,957 [ERROR] GET fail (2): 404 Client Error: Not Found for url: https://www.cheapshark.com/api/1.0/deals?id=g6Eegjh7e0QEQasT%252F%252FtQgBJmIPRkPiE9qEa3VRbjxrE%253D
2026-05-15 18:35:22,490 [ERROR] GET fail (3): 404 Client Error: Not Found for url: https://www.cheapshark.com/api/1.0/deals?id=g6Eegjh7e0QEQasT%252F%252FtQgBJmIPRkPiE9qEa3VRbjxrE%253D
2026-05-15 18:35:29,330 [ERROR] GET fail (1): 404 Client Error: Not Found for url: https://www.cheapshark.com/api/1.0/deals?id=8owSJOQbPOJooxGG1Yx6p%252FR3tfxa%252BPCcMFSH9kZHLUY%253D
2026-05-15 18:35:31,861 [ERROR] GET fail (2): 404 Client Error: Not Found for url: https://www.cheapshark.com/api/1.0/deals?id=8owSJOQbPOJooxGG1Yx6p%252FR3tfxa%252BPCcMFSH9kZHLUY%253D
2026-05-15 18:35:36,392 [ERROR] GET fail (3): 404 Client Error: Not Found for url: https://www.cheapshark.com/api/1.0/deals?id=8owSJOQbPOJooxGG1Yx6p%252FR3tfxa%252BPCcMFSH9kZHLUY%253D
2026-05-15 18:35:56,789 [ERROR] GET fail (1): 404 Client Error: Not Found for url: https://www.cheapshark.com/api/1.0/deals?id=7b8w%252F6b4JOvV7j4riMrvkwiOsTvGPMD9wUmLrM1Mv3A%253D
2026-05-15 18:35:59,321 [ERROR] GET fail (2): 404 Client Error: Not Found for url: https://www.cheapshark.com/api/1.0/deals?id=7b8w%252F6b4JOvV7j4riMrvkwiOsTvGPMD9wUmLrM1Mv3A%253D
2026-05-15 18:36:03,855 [ERROR] GET fail (3): 404 Client Error: Not Found for url: https://www.cheapshark.com/api/1.0/deals?id=7b8w%252F6b4JOvV7j4riMrvkwiOsTvGPMD9wUmLrM1Mv3A%253D
2026-05-15 18:36:12,563 [ERROR] GET fail (1): 404 Client Error: Not Found for url: https://www.cheapshark.com/api/1.0/deals?id=NKw2DmF5J0mve6DCtRE5kiO778vCB5ddUEKk9RPcHcQ%253D
2026-05-15 18:36:15,095 [ERROR] GET fail (2): 404 Client Error: Not Found for url: https://www.cheapshark.com/api/1.0/deals?id=NKw2DmF5J0mve6DCtRE5kiO778vCB5ddUEKk9RPcHcQ%253D
2026-05-15 18:36:19,628 [ERROR] GET fail (3): 404 Client Error: Not Found for url: https://www.cheapshark.com/api/1.0/deals?id=NKw2DmF5J0mve6DCtRE5kiO778vCB5ddUEKk9RPcHcQ%253D
2026-05-15 18:36:29,595 [ERROR] GET fail (1): 404 Client Error: Not Found for url: https://www.cheapshark.com/api/1.0/deals?id=Dr5ubETD4bQroeTRp3wQ0uOlVrmH0eRoOOoXBQA5C14%253D
2026-05-15 18:36:32,130 [ERROR] GET fail (2): 404 Client Error: Not Found for url: https://www.cheapshark.com/api/1.0/deals?id=Dr5ubETD4bQroeTRp3wQ0uOlVrmH0eRoOOoXBQA5C14%253D
2026-05-15 18:36:36,662 [ERROR] GET fail (3): 404 Client Error: Not Found for url: https://www.cheapshark.com/api/1.0/deals?id=Dr5ubETD4bQroeTRp3wQ0uOlVrmH0eRoOOoXBQA5C14%253D
2026-05-15 18:36:43,302 [ERROR] GET fail (1): 404 Client Error: Not Found for url: https://www.cheapshark.com/api/1.0/deals?id=yqS86zF0UapAOgQQ8jv4jit6rwuCuTsPiOJivePkZYE%253D
2026-05-15 18:36:45,833 [ERROR] GET fail (2): 404 Client Error: Not Found for url: https://www.cheapshark.com/api/1.0/deals?id=yqS86zF0UapAOgQQ8jv4jit6rwuCuTsPiOJivePkZYE%253D
2026-05-15 18:36:50,365 [ERROR] GET fail (3): 404 Client Error: Not Found for url: https://www.cheapshark.com/api/1.0/deals?id=yqS86zF0UapAOgQQ8jv4jit6rwuCuTsPiOJivePkZYE%253D
2026-05-15 18:36:56,528 [ERROR] GET fail (1): 404 Client Error: Not Found for url: https://www.cheapshark.com/api/1.0/deals?id=3Y%252Fp3MbsSuCo%252FLOFoOL7cnlYwZl1qBKQCMsAaqZHRl8%253D
2026-05-15 18:36:59,062 [ERROR] GET fail (2): 404 Client Error: Not Found for url: https://www.cheapshark.com/api/1.0/deals?id=3Y%252Fp3MbsSuCo%252FLOFoOL7cnlYwZl1qBKQCMsAaqZHRl8%253D
2026-05-15 18:37:03,596 [ERROR] GET fail (3): 404 Client Error: Not Found for url: https://www.cheapshark.com/api/1.0/deals?id=3Y%252Fp3MbsSuCo%252FLOFoOL7cnlYwZl1qBKQCMsAaqZHRl8%253D
2026-05-15 18:37:27,969 [ERROR] GET fail (1): 404 Client Error: Not Found for url: https://www.cheapshark.com/api/1.0/deals?id=U7nBhdj2%252Brcai9ad0dDinyhLbogwsWmom85yCqZPRIA%253D
2026-05-15 18:37:30,502 [ERROR] GET fail (2): 404 Client Error: Not Found for url: https://www.cheapshark.com/api/1.0/deals?id=U7nBhdj2%252Brcai9ad0dDinyhLbogwsWmom85yCqZPRIA%253D
2026-05-15 18:37:35,036 [ERROR] GET fail (3): 404 Client Error: Not Found for url: https://www.cheapshark.com/api/1.0/deals?id=U7nBhdj2%252Brcai9ad0dDinyhLbogwsWmom85yCqZPRIA%253D
2026-05-15 18:37:41,662 [ERROR] GET fail (1): 404 Client Error: Not Found for url: https://www.cheapshark.com/api/1.0/deals?id=t2iePRDIDaAQB4STOEgQ%252FfteX1tlAjDPL0pA%252Fr%252B9YPc%253D
2026-05-15 18:37:44,192 [ERROR] GET fail (2): 404 Client Error: Not Found for url: https://www.cheapshark.com/api/1.0/deals?id=t2iePRDIDaAQB4STOEgQ%252FfteX1tlAjDPL0pA%252Fr%252B9YPc%253D
2026-05-15 18:37:48,725 [ERROR] GET fail (3): 404 Client Error: Not Found for url: https://www.cheapshark.com/api/1.0/deals?id=t2iePRDIDaAQB4STOEgQ%252FfteX1tlAjDPL0pA%252Fr%252B9YPc%253D
2026-05-15 18:37:55,596 [ERROR] GET fail (1): 404 Client Error: Not Found for url: https://www.cheapshark.com/api/1.0/deals?id=X5%252FXTJokR73wz5T0epyzHycLjnWBCgLumFjGpEG4Lws%253D
2026-05-15 18:37:58,130 [ERROR] GET fail (2): 404 Client Error: Not Found for url: https://www.cheapshark.com/api/1.0/deals?id=X5%252FXTJokR73wz5T0epyzHycLjnWBCgLumFjGpEG4Lws%253D
2026-05-15 18:38:02,660 [ERROR] GET fail (3): 404 Client Error: Not Found for url: https://www.cheapshark.com/api/1.0/deals?id=X5%252FXTJokR73wz5T0epyzHycLjnWBCgLumFjGpEG4Lws%253D
2026-05-15 18:38:09,627 [ERROR] GET fail (1): 404 Client Error: Not Found for url: https://www.cheapshark.com/api/1.0/deals?id=7S%252Fqnr7mN2CIvUOdUx4gSkgrNUp%252BwBmGAEDj9sYKZIE%253D
2026-05-15 18:38:12,159 [ERROR] GET fail (2): 404 Client Error: Not Found for url: https://www.cheapshark.com/api/1.0/deals?id=7S%252Fqnr7mN2CIvUOdUx4gSkgrNUp%252BwBmGAEDj9sYKZIE%253D
2026-05-15 18:38:16,689 [ERROR] GET fail (3): 404 Client Error: Not Found for url: https://www.cheapshark.com/api/1.0/deals?id=7S%252Fqnr7mN2CIvUOdUx4gSkgrNUp%252BwBmGAEDj9sYKZIE%253D
2026-05-15 18:38:16,690 [INFO] Skipped DLC/Edition: Xenoblade Chronicles: Definitive Edition
2026-05-15 18:38:26,627 [ERROR] GET fail (1): 404 Client Error: Not Found for url: https://www.cheapshark.com/api/1.0/deals?id=G7%252BIar0zEdWYn4SIAFUz6KQuY3g%252B4A%252BvEvyVSxfkXEU%253D
2026-05-15 18:38:29,159 [ERROR] GET fail (2): 404 Client Error: Not Found for url: https://www.cheapshark.com/api/1.0/deals?id=G7%252BIar0zEdWYn4SIAFUz6KQuY3g%252B4A%252BvEvyVSxfkXEU%253D
2026-05-15 18:38:33,691 [ERROR] GET fail (3): 404 Client Error: Not Found for url: https://www.cheapshark.com/api/1.0/deals?id=G7%252BIar0zEdWYn4SIAFUz6KQuY3g%252B4A%252BvEvyVSxfkXEU%253D
2026-05-15 18:38:40,395 [ERROR] GET fail (1): 404 Client Error: Not Found for url: https://www.cheapshark.com/api/1.0/deals?id=xSxFguFqKoSVIAkSyxknVF8DhGC%252BAnTtFdmR9Z5E5aM%253D
2026-05-15 18:38:42,926 [ERROR] GET fail (2): 404 Client Error: Not Found for url: https://www.cheapshark.com/api/1.0/deals?id=xSxFguFqKoSVIAkSyxknVF8DhGC%252BAnTtFdmR9Z5E5aM%253D
2026-05-15 18:38:47,457 [ERROR] GET fail (3): 404 Client Error: Not Found for url: https://www.cheapshark.com/api/1.0/deals?id=xSxFguFqKoSVIAkSyxknVF8DhGC%252BAnTtFdmR9Z5E5aM%253D
2026-05-15 18:39:08,152 [ERROR] GET fail (1): 404 Client Error: Not Found for url: https://www.cheapshark.com/api/1.0/deals?id=nnV4CAy%252FSNFdauueGk5i77t%252B8%252F1DlMAY567iPs2l654%253D
2026-05-15 18:39:10,685 [ERROR] GET fail (2): 404 Client Error: Not Found for url: https://www.cheapshark.com/api/1.0/deals?id=nnV4CAy%252FSNFdauueGk5i77t%252B8%252F1DlMAY567iPs2l654%253D
2026-05-15 18:39:15,218 [ERROR] GET fail (3): 404 Client Error: Not Found for url: https://www.cheapshark.com/api/1.0/deals?id=nnV4CAy%252FSNFdauueGk5i77t%252B8%252F1DlMAY567iPs2l654%253D
2026-05-15 18:39:40,140 [ERROR] GET fail (1): 404 Client Error: Not Found for url: https://www.cheapshark.com/api/1.0/deals?id=aDh5RIlRhYIGHN4%252B6%252BuWfP6eJERHMaISQr%252FSI84Wdnc%253D
2026-05-15 18:39:42,671 [ERROR] GET fail (2): 404 Client Error: Not Found for url: https://www.cheapshark.com/api/1.0/deals?id=aDh5RIlRhYIGHN4%252B6%252BuWfP6eJERHMaISQr%252FSI84Wdnc%253D
2026-05-15 18:39:47,201 [ERROR] GET fail (3): 404 Client Error: Not Found for url: https://www.cheapshark.com/api/1.0/deals?id=aDh5RIlRhYIGHN4%252B6%252BuWfP6eJERHMaISQr%252FSI84Wdnc%253D
2026-05-15 18:39:59,264 [ERROR] GET fail (1): 404 Client Error: Not Found for url: https://www.cheapshark.com/api/1.0/deals?id=87QAfi%252FTY1BA9scxr3AggiNf5QXxSKjgMaJ%252Fm4oHwzY%253D
2026-05-15 18:40:01,795 [ERROR] GET fail (2): 404 Client Error: Not Found for url: https://www.cheapshark.com/api/1.0/deals?id=87QAfi%252FTY1BA9scxr3AggiNf5QXxSKjgMaJ%252Fm4oHwzY%253D
2026-05-15 18:40:06,328 [ERROR] GET fail (3): 404 Client Error: Not Found for url: https://www.cheapshark.com/api/1.0/deals?id=87QAfi%252FTY1BA9scxr3AggiNf5QXxSKjgMaJ%252Fm4oHwzY%253D
2026-05-15 18:40:13,185 [ERROR] GET fail (1): 404 Client Error: Not Found for url: https://www.cheapshark.com/api/1.0/deals?id=2%252FWX%252BjPmqBPLJerZ8gI%252F%252BXg0jvKRSl4BHN7Vzam00so%253D
2026-05-15 18:40:15,716 [ERROR] GET fail (2): 404 Client Error: Not Found for url: https://www.cheapshark.com/api/1.0/deals?id=2%252FWX%252BjPmqBPLJerZ8gI%252F%252BXg0jvKRSl4BHN7Vzam00so%253D
2026-05-15 18:40:20,246 [ERROR] GET fail (3): 404 Client Error: Not Found for url: https://www.cheapshark.com/api/1.0/deals?id=2%252FWX%252BjPmqBPLJerZ8gI%252F%252BXg0jvKRSl4BHN7Vzam00so%253D
2026-05-15 18:40:25,634 [ERROR] GET fail (1): 404 Client Error: Not Found for url: https://www.cheapshark.com/api/1.0/deals?id=91my7hI%252FaXhLB%252BegAgWSnARkp0raYaTxu1XWR7q84%252B0%253D
2026-05-15 18:40:28,164 [ERROR] GET fail (2): 404 Client Error: Not Found for url: https://www.cheapshark.com/api/1.0/deals?id=91my7hI%252FaXhLB%252BegAgWSnARkp0raYaTxu1XWR7q84%252B0%253D
2026-05-15 18:40:32,696 [ERROR] GET fail (3): 404 Client Error: Not Found for url: https://www.cheapshark.com/api/1.0/deals?id=91my7hI%252FaXhLB%252BegAgWSnARkp0raYaTxu1XWR7q84%252B0%253D
2026-05-15 18:40:39,386 [ERROR] GET fail (1): 404 Client Error: Not Found for url: https://www.cheapshark.com/api/1.0/deals?id=foJjUvr1K3u6OR3KTEakBrpVWTOXW%252Bpvpo6WdP%252F1O4Y%253D
2026-05-15 18:40:41,920 [ERROR] GET fail (2): 404 Client Error: Not Found for url: https://www.cheapshark.com/api/1.0/deals?id=foJjUvr1K3u6OR3KTEakBrpVWTOXW%252Bpvpo6WdP%252F1O4Y%253D
2026-05-15 18:40:46,453 [ERROR] GET fail (3): 404 Client Error: Not Found for url: https://www.cheapshark.com/api/1.0/deals?id=foJjUvr1K3u6OR3KTEakBrpVWTOXW%252Bpvpo6WdP%252F1O4Y%253D
2026-05-15 18:40:50,798 [ERROR] GET fail (1): 404 Client Error: Not Found for url: https://www.cheapshark.com/api/1.0/deals?id=hBzFkwXV5CCVfkjbLZexRx1fhOrxUk1Idvnte3OGtao%253D
2026-05-15 18:40:53,330 [ERROR] GET fail (2): 404 Client Error: Not Found for url: https://www.cheapshark.com/api/1.0/deals?id=hBzFkwXV5CCVfkjbLZexRx1fhOrxUk1Idvnte3OGtao%253D
2026-05-15 18:40:57,863 [ERROR] GET fail (3): 404 Client Error: Not Found for url: https://www.cheapshark.com/api/1.0/deals?id=hBzFkwXV5CCVfkjbLZexRx1fhOrxUk1Idvnte3OGtao%253D
2026-05-15 18:40:57,863 [INFO] Skipped DLC/Edition: Mark of the Ninja: Remastered
2026-05-15 18:41:04,577 [ERROR] GET fail (1): 404 Client Error: Not Found for url: https://www.cheapshark.com/api/1.0/deals?id=r2gpXksg4%252FgBbxOi30CclQxRvTOB6sxiW3pt%252BCOWKDs%253D
2026-05-15 18:41:07,110 [ERROR] GET fail (2): 404 Client Error: Not Found for url: https://www.cheapshark.com/api/1.0/deals?id=r2gpXksg4%252FgBbxOi30CclQxRvTOB6sxiW3pt%252BCOWKDs%253D
2026-05-15 18:41:11,646 [ERROR] GET fail (3): 404 Client Error: Not Found for url: https://www.cheapshark.com/api/1.0/deals?id=r2gpXksg4%252FgBbxOi30CclQxRvTOB6sxiW3pt%252BCOWKDs%253D
2026-05-15 18:41:27,671 [ERROR] GET fail (1): 404 Client Error: Not Found for url: https://www.cheapshark.com/api/1.0/deals?id=M1WDCEOWpxokg0KhsG%252FjjbaS2nV61lowdy1YIga9uus%253D
2026-05-15 18:41:30,202 [ERROR] GET fail (2): 404 Client Error: Not Found for url: https://www.cheapshark.com/api/1.0/deals?id=M1WDCEOWpxokg0KhsG%252FjjbaS2nV61lowdy1YIga9uus%253D
2026-05-15 18:41:34,733 [ERROR] GET fail (3): 404 Client Error: Not Found for url: https://www.cheapshark.com/api/1.0/deals?id=M1WDCEOWpxokg0KhsG%252FjjbaS2nV61lowdy1YIga9uus%253D
2026-05-15 18:41:44,771 [ERROR] GET fail (1): 404 Client Error: Not Found for url: https://www.cheapshark.com/api/1.0/deals?id=rmecI07YNZZyob1X1p2pGavwnQgzopI5i9RzJ2dWYgA%253D
2026-05-15 18:41:47,304 [ERROR] GET fail (2): 404 Client Error: Not Found for url: https://www.cheapshark.com/api/1.0/deals?id=rmecI07YNZZyob1X1p2pGavwnQgzopI5i9RzJ2dWYgA%253D
2026-05-15 18:41:51,837 [ERROR] GET fail (3): 404 Client Error: Not Found for url: https://www.cheapshark.com/api/1.0/deals?id=rmecI07YNZZyob1X1p2pGavwnQgzopI5i9RzJ2dWYgA%253D
2026-05-15 18:41:58,460 [ERROR] GET fail (1): 404 Client Error: Not Found for url: https://www.cheapshark.com/api/1.0/deals?id=enTlSHyxkIqQiwSNQ4ONlMuN07SVOUtXuDuJYpD9cgs%253D
2026-05-15 18:42:00,995 [ERROR] GET fail (2): 404 Client Error: Not Found for url: https://www.cheapshark.com/api/1.0/deals?id=enTlSHyxkIqQiwSNQ4ONlMuN07SVOUtXuDuJYpD9cgs%253D
2026-05-15 18:42:05,526 [ERROR] GET fail (3): 404 Client Error: Not Found for url: https://www.cheapshark.com/api/1.0/deals?id=enTlSHyxkIqQiwSNQ4ONlMuN07SVOUtXuDuJYpD9cgs%253D
2026-05-15 18:42:12,240 [ERROR] GET fail (1): 404 Client Error: Not Found for url: https://www.cheapshark.com/api/1.0/deals?id=9lcvTXQj2ZGRjg77rnUXYJyfKtfkZBxQHAsUPSWHQEo%253D
2026-05-15 18:42:14,771 [ERROR] GET fail (2): 404 Client Error: Not Found for url: https://www.cheapshark.com/api/1.0/deals?id=9lcvTXQj2ZGRjg77rnUXYJyfKtfkZBxQHAsUPSWHQEo%253D
2026-05-15 18:42:19,304 [ERROR] GET fail (3): 404 Client Error: Not Found for url: https://www.cheapshark.com/api/1.0/deals?id=9lcvTXQj2ZGRjg77rnUXYJyfKtfkZBxQHAsUPSWHQEo%253D
2026-05-15 18:42:28,832 [ERROR] GET fail (1): 404 Client Error: Not Found for url: https://www.cheapshark.com/api/1.0/deals?id=PgrYexhEoOzeJhDvFc3RrKxLvKUs2N2AS0cyQUxkSss%253D
2026-05-15 18:42:31,363 [ERROR] GET fail (2): 404 Client Error: Not Found for url: https://www.cheapshark.com/api/1.0/deals?id=PgrYexhEoOzeJhDvFc3RrKxLvKUs2N2AS0cyQUxkSss%253D
2026-05-15 18:42:35,894 [ERROR] GET fail (3): 404 Client Error: Not Found for url: https://www.cheapshark.com/api/1.0/deals?id=PgrYexhEoOzeJhDvFc3RrKxLvKUs2N2AS0cyQUxkSss%253D
2026-05-15 18:42:40,358 [ERROR] GET fail (1): 404 Client Error: Not Found for url: https://www.cheapshark.com/api/1.0/deals?id=ER%252BM4qN%252FvFbM0nbokFHDDO0ZY2BfK00HAP7qLD%252FMB90%253D
2026-05-15 18:42:42,889 [ERROR] GET fail (2): 404 Client Error: Not Found for url: https://www.cheapshark.com/api/1.0/deals?id=ER%252BM4qN%252FvFbM0nbokFHDDO0ZY2BfK00HAP7qLD%252FMB90%253D
2026-05-15 18:42:47,423 [ERROR] GET fail (3): 404 Client Error: Not Found for url: https://www.cheapshark.com/api/1.0/deals?id=ER%252BM4qN%252FvFbM0nbokFHDDO0ZY2BfK00HAP7qLD%252FMB90%253D
2026-05-15 18:42:54,343 [ERROR] GET fail (1): 404 Client Error: Not Found for url: https://www.cheapshark.com/api/1.0/deals?id=3QhqfcoqquQxFzEF6cW4e7pl3qo4Q6iqJe7pFzxf8Ac%253D
2026-05-15 18:42:56,877 [ERROR] GET fail (2): 404 Client Error: Not Found for url: https://www.cheapshark.com/api/1.0/deals?id=3QhqfcoqquQxFzEF6cW4e7pl3qo4Q6iqJe7pFzxf8Ac%253D
2026-05-15 18:43:01,408 [ERROR] GET fail (3): 404 Client Error: Not Found for url: https://www.cheapshark.com/api/1.0/deals?id=3QhqfcoqquQxFzEF6cW4e7pl3qo4Q6iqJe7pFzxf8Ac%253D
2026-05-15 18:43:11,985 [ERROR] GET fail (1): 404 Client Error: Not Found for url: https://www.cheapshark.com/api/1.0/deals?id=V7nswbdfNqG0wP5Rj0vrikJyAA2MtHfplBkaV4O8w0M%253D
2026-05-15 18:43:14,518 [ERROR] GET fail (2): 404 Client Error: Not Found for url: https://www.cheapshark.com/api/1.0/deals?id=V7nswbdfNqG0wP5Rj0vrikJyAA2MtHfplBkaV4O8w0M%253D
2026-05-15 18:43:19,079 [ERROR] GET fail (3): 404 Client Error: Not Found for url: https://www.cheapshark.com/api/1.0/deals?id=V7nswbdfNqG0wP5Rj0vrikJyAA2MtHfplBkaV4O8w0M%253D
2026-05-15 18:43:26,304 [ERROR] GET fail (1): 404 Client Error: Not Found for url: https://www.cheapshark.com/api/1.0/deals?id=OXQEiJVT%252B9IUTqZ5BL4983ZY9Mu0fVphn%252FlZuRKo6hk%253D
2026-05-15 18:43:28,834 [ERROR] GET fail (2): 404 Client Error: Not Found for url: https://www.cheapshark.com/api/1.0/deals?id=OXQEiJVT%252B9IUTqZ5BL4983ZY9Mu0fVphn%252FlZuRKo6hk%253D
2026-05-15 18:43:33,367 [ERROR] GET fail (3): 404 Client Error: Not Found for url: https://www.cheapshark.com/api/1.0/deals?id=OXQEiJVT%252B9IUTqZ5BL4983ZY9Mu0fVphn%252FlZuRKo6hk%253D
2026-05-15 18:43:44,226 [ERROR] GET fail (1): 404 Client Error: Not Found for url: https://www.cheapshark.com/api/1.0/deals?id=xaa3cTI8wlMB52P2RJ8Cp4Yws9dmWB3FWELHL7Zk%252BgY%253D
2026-05-15 18:43:46,758 [ERROR] GET fail (2): 404 Client Error: Not Found for url: https://www.cheapshark.com/api/1.0/deals?id=xaa3cTI8wlMB52P2RJ8Cp4Yws9dmWB3FWELHL7Zk%252BgY%253D
2026-05-15 18:43:51,289 [ERROR] GET fail (3): 404 Client Error: Not Found for url: https://www.cheapshark.com/api/1.0/deals?id=xaa3cTI8wlMB52P2RJ8Cp4Yws9dmWB3FWELHL7Zk%252BgY%253D
2026-05-15 18:43:58,054 [ERROR] GET fail (1): 404 Client Error: Not Found for url: https://www.cheapshark.com/api/1.0/deals?id=TNMsHIyn82l1gQGX2JbeWnobpLoMpRI2ZfI3qInWNGg%253D
2026-05-15 18:44:00,589 [ERROR] GET fail (2): 404 Client Error: Not Found for url: https://www.cheapshark.com/api/1.0/deals?id=TNMsHIyn82l1gQGX2JbeWnobpLoMpRI2ZfI3qInWNGg%253D
2026-05-15 18:44:05,123 [ERROR] GET fail (3): 404 Client Error: Not Found for url: https://www.cheapshark.com/api/1.0/deals?id=TNMsHIyn82l1gQGX2JbeWnobpLoMpRI2ZfI3qInWNGg%253D
2026-05-15 18:44:15,198 [ERROR] GET fail (1): 404 Client Error: Not Found for url: https://www.cheapshark.com/api/1.0/deals?id=Ojw3rrOphNPKCYt%252BmKCYuNtkSsAlwhaQd1nvG7YH0pM%253D
2026-05-15 18:44:17,731 [ERROR] GET fail (2): 404 Client Error: Not Found for url: https://www.cheapshark.com/api/1.0/deals?id=Ojw3rrOphNPKCYt%252BmKCYuNtkSsAlwhaQd1nvG7YH0pM%253D
2026-05-15 18:44:22,265 [ERROR] GET fail (3): 404 Client Error: Not Found for url: https://www.cheapshark.com/api/1.0/deals?id=Ojw3rrOphNPKCYt%252BmKCYuNtkSsAlwhaQd1nvG7YH0pM%253D
2026-05-15 18:44:44,438 [ERROR] GET fail (1): 404 Client Error: Not Found for url: https://www.cheapshark.com/api/1.0/deals?id=RIsSVwu6Fpybe2T6MOsisB5A0JogXCcVnYYT%252FMzJzF4%253D
2026-05-15 18:44:46,965 [ERROR] GET fail (2): 404 Client Error: Not Found for url: https://www.cheapshark.com/api/1.0/deals?id=RIsSVwu6Fpybe2T6MOsisB5A0JogXCcVnYYT%252FMzJzF4%253D
2026-05-15 18:44:51,499 [ERROR] GET fail (3): 404 Client Error: Not Found for url: https://www.cheapshark.com/api/1.0/deals?id=RIsSVwu6Fpybe2T6MOsisB5A0JogXCcVnYYT%252FMzJzF4%253D
2026-05-15 18:44:58,827 [ERROR] GET fail (1): 404 Client Error: Not Found for url: https://www.cheapshark.com/api/1.0/deals?id=sH9s%252BeV50BHYFkpUY1V6YRLrIFsALapOmsxbcUtrAKM%253D
2026-05-15 18:45:01,360 [ERROR] GET fail (2): 404 Client Error: Not Found for url: https://www.cheapshark.com/api/1.0/deals?id=sH9s%252BeV50BHYFkpUY1V6YRLrIFsALapOmsxbcUtrAKM%253D
2026-05-15 18:45:05,893 [ERROR] GET fail (3): 404 Client Error: Not Found for url: https://www.cheapshark.com/api/1.0/deals?id=sH9s%252BeV50BHYFkpUY1V6YRLrIFsALapOmsxbcUtrAKM%253D
2026-05-15 18:45:12,958 [ERROR] GET fail (1): 404 Client Error: Not Found for url: https://www.cheapshark.com/api/1.0/deals?id=WndOpkGqUWWsW3fvOasIG7NYez1WmeFJu5d%252FUPt5dAw%253D
2026-05-15 18:45:15,493 [ERROR] GET fail (2): 404 Client Error: Not Found for url: https://www.cheapshark.com/api/1.0/deals?id=WndOpkGqUWWsW3fvOasIG7NYez1WmeFJu5d%252FUPt5dAw%253D
2026-05-15 18:45:20,024 [ERROR] GET fail (3): 404 Client Error: Not Found for url: https://www.cheapshark.com/api/1.0/deals?id=WndOpkGqUWWsW3fvOasIG7NYez1WmeFJu5d%252FUPt5dAw%253D
2026-05-15 18:45:26,679 [ERROR] GET fail (1): 404 Client Error: Not Found for url: https://www.cheapshark.com/api/1.0/deals?id=4z1JLfq6ciCt6xhqIIsj1dmSoBxKcrHUIU63j1RYS9s%253D
2026-05-15 18:45:29,213 [ERROR] GET fail (2): 404 Client Error: Not Found for url: https://www.cheapshark.com/api/1.0/deals?id=4z1JLfq6ciCt6xhqIIsj1dmSoBxKcrHUIU63j1RYS9s%253D
2026-05-15 18:45:33,746 [ERROR] GET fail (3): 404 Client Error: Not Found for url: https://www.cheapshark.com/api/1.0/deals?id=4z1JLfq6ciCt6xhqIIsj1dmSoBxKcrHUIU63j1RYS9s%253D
2026-05-15 18:45:45,152 [ERROR] GET fail (1): 404 Client Error: Not Found for url: https://www.cheapshark.com/api/1.0/deals?id=ogn%252BzrYLQuJO1kQYwa1RdR4%252B1ScDqGk2S6aOR4q%252BSnA%253D
2026-05-15 18:45:47,685 [ERROR] GET fail (2): 404 Client Error: Not Found for url: https://www.cheapshark.com/api/1.0/deals?id=ogn%252BzrYLQuJO1kQYwa1RdR4%252B1ScDqGk2S6aOR4q%252BSnA%253D
2026-05-15 18:45:52,216 [ERROR] GET fail (3): 404 Client Error: Not Found for url: https://www.cheapshark.com/api/1.0/deals?id=ogn%252BzrYLQuJO1kQYwa1RdR4%252B1ScDqGk2S6aOR4q%252BSnA%253D
2026-05-15 18:45:59,085 [ERROR] GET fail (1): 404 Client Error: Not Found for url: https://www.cheapshark.com/api/1.0/deals?id=36xEo0C%252Bqf2%252FWrRZ9zmcrgMxdimFWUdZwVWo5EOk6aw%253D
2026-05-15 18:46:01,617 [ERROR] GET fail (2): 404 Client Error: Not Found for url: https://www.cheapshark.com/api/1.0/deals?id=36xEo0C%252Bqf2%252FWrRZ9zmcrgMxdimFWUdZwVWo5EOk6aw%253D
2026-05-15 18:46:06,146 [ERROR] GET fail (3): 404 Client Error: Not Found for url: https://www.cheapshark.com/api/1.0/deals?id=36xEo0C%252Bqf2%252FWrRZ9zmcrgMxdimFWUdZwVWo5EOk6aw%253D
2026-05-15 18:46:06,147 [INFO] Skipped DLC/Edition: Mass Effect: Legendary Edition
2026-05-15 18:46:14,910 [ERROR] GET fail (1): 404 Client Error: Not Found for url: https://www.cheapshark.com/api/1.0/deals?id=27qgO9HsZgw5I3yROPx8kFgWwtGmaJX4sXNSFOSbaEk%253D
2026-05-15 18:46:17,442 [ERROR] GET fail (2): 404 Client Error: Not Found for url: https://www.cheapshark.com/api/1.0/deals?id=27qgO9HsZgw5I3yROPx8kFgWwtGmaJX4sXNSFOSbaEk%253D
2026-05-15 18:46:21,974 [ERROR] GET fail (3): 404 Client Error: Not Found for url: https://www.cheapshark.com/api/1.0/deals?id=27qgO9HsZgw5I3yROPx8kFgWwtGmaJX4sXNSFOSbaEk%253D
2026-05-15 18:46:21,975 [INFO] Skipped DLC/Edition: Ori and the Blind Forest: Definitive Edition
2026-05-15 18:46:31,401 [ERROR] GET fail (1): 404 Client Error: Not Found for url: https://www.cheapshark.com/api/1.0/deals?id=6n%252FiZVAxvy0%252FCNpxZqCSn1UNHSa8cgQbI%252FKNE5kwAcQ%253D
2026-05-15 18:46:33,934 [ERROR] GET fail (2): 404 Client Error: Not Found for url: https://www.cheapshark.com/api/1.0/deals?id=6n%252FiZVAxvy0%252FCNpxZqCSn1UNHSa8cgQbI%252FKNE5kwAcQ%253D
2026-05-15 18:46:38,469 [ERROR] GET fail (3): 404 Client Error: Not Found for url: https://www.cheapshark.com/api/1.0/deals?id=6n%252FiZVAxvy0%252FCNpxZqCSn1UNHSa8cgQbI%252FKNE5kwAcQ%253D
2026-05-15 18:46:45,226 [ERROR] GET fail (1): 404 Client Error: Not Found for url: https://www.cheapshark.com/api/1.0/deals?id=ICV0L0NmwniVHpc4NjfQsDO5gRILOIkqPz05jfxFtCM%253D
2026-05-15 18:46:47,758 [ERROR] GET fail (2): 404 Client Error: Not Found for url: https://www.cheapshark.com/api/1.0/deals?id=ICV0L0NmwniVHpc4NjfQsDO5gRILOIkqPz05jfxFtCM%253D
2026-05-15 18:46:52,291 [ERROR] GET fail (3): 404 Client Error: Not Found for url: https://www.cheapshark.com/api/1.0/deals?id=ICV0L0NmwniVHpc4NjfQsDO5gRILOIkqPz05jfxFtCM%253D
2026-05-15 18:46:59,075 [ERROR] GET fail (1): 404 Client Error: Not Found for url: https://www.cheapshark.com/api/1.0/deals?id=jR7BfKx5wwo2YcZ44lVHsVZmUj%252Bw8HhWF4oBp2CcDBc%253D
2026-05-15 18:47:01,606 [ERROR] GET fail (2): 404 Client Error: Not Found for url: https://www.cheapshark.com/api/1.0/deals?id=jR7BfKx5wwo2YcZ44lVHsVZmUj%252Bw8HhWF4oBp2CcDBc%253D
2026-05-15 18:47:06,135 [ERROR] GET fail (3): 404 Client Error: Not Found for url: https://www.cheapshark.com/api/1.0/deals?id=jR7BfKx5wwo2YcZ44lVHsVZmUj%252Bw8HhWF4oBp2CcDBc%253D
2026-05-15 18:47:13,375 [ERROR] GET fail (1): 404 Client Error: Not Found for url: https://www.cheapshark.com/api/1.0/deals?id=8hhEXSiVO4lKNufABm4shKNR1I2FhltUbtr7U3xF%252Bgs%253D
2026-05-15 18:47:15,906 [ERROR] GET fail (2): 404 Client Error: Not Found for url: https://www.cheapshark.com/api/1.0/deals?id=8hhEXSiVO4lKNufABm4shKNR1I2FhltUbtr7U3xF%252Bgs%253D
2026-05-15 18:47:20,438 [ERROR] GET fail (3): 404 Client Error: Not Found for url: https://www.cheapshark.com/api/1.0/deals?id=8hhEXSiVO4lKNufABm4shKNR1I2FhltUbtr7U3xF%252Bgs%253D
2026-05-15 18:47:34,736 [ERROR] GET fail (1): 404 Client Error: Not Found for url: https://www.cheapshark.com/api/1.0/deals?id=7E%252BHosTsAjJoLf%252BRqHz13tbMvjXTcnLRyWIFlkKv8SE%253D
2026-05-15 18:47:37,269 [ERROR] GET fail (2): 404 Client Error: Not Found for url: https://www.cheapshark.com/api/1.0/deals?id=7E%252BHosTsAjJoLf%252BRqHz13tbMvjXTcnLRyWIFlkKv8SE%253D
2026-05-15 18:47:41,799 [ERROR] GET fail (3): 404 Client Error: Not Found for url: https://www.cheapshark.com/api/1.0/deals?id=7E%252BHosTsAjJoLf%252BRqHz13tbMvjXTcnLRyWIFlkKv8SE%253D
2026-05-15 18:47:48,831 [ERROR] GET fail (1): 404 Client Error: Not Found for url: https://www.cheapshark.com/api/1.0/deals?id=wyYb8Y%252FQ7WxSQj%252FHKG2C6AAfgXyuJFPFuEIEs2zOv5k%253D
2026-05-15 18:47:51,363 [ERROR] GET fail (2): 404 Client Error: Not Found for url: https://www.cheapshark.com/api/1.0/deals?id=wyYb8Y%252FQ7WxSQj%252FHKG2C6AAfgXyuJFPFuEIEs2zOv5k%253D
2026-05-15 18:47:55,896 [ERROR] GET fail (3): 404 Client Error: Not Found for url: https://www.cheapshark.com/api/1.0/deals?id=wyYb8Y%252FQ7WxSQj%252FHKG2C6AAfgXyuJFPFuEIEs2zOv5k%253D
2026-05-15 18:48:11,881 [ERROR] GET fail (1): 404 Client Error: Not Found for url: https://www.cheapshark.com/api/1.0/deals?id=a%252Ft7AgY9Eklk5OF6S0aeO935YzPv78sW4vX%252Bmn%252BJkVs%253D
2026-05-15 18:48:14,414 [ERROR] GET fail (2): 404 Client Error: Not Found for url: https://www.cheapshark.com/api/1.0/deals?id=a%252Ft7AgY9Eklk5OF6S0aeO935YzPv78sW4vX%252Bmn%252BJkVs%253D
2026-05-15 18:48:18,947 [ERROR] GET fail (3): 404 Client Error: Not Found for url: https://www.cheapshark.com/api/1.0/deals?id=a%252Ft7AgY9Eklk5OF6S0aeO935YzPv78sW4vX%252Bmn%252BJkVs%253D
2026-05-15 18:48:25,704 [ERROR] GET fail (1): 404 Client Error: Not Found for url: https://www.cheapshark.com/api/1.0/deals?id=ymIO1UaaVTIbpqUn3SABcCjn3d9mQnqh0OnGnGpCcrQ%253D
2026-05-15 18:48:28,238 [ERROR] GET fail (2): 404 Client Error: Not Found for url: https://www.cheapshark.com/api/1.0/deals?id=ymIO1UaaVTIbpqUn3SABcCjn3d9mQnqh0OnGnGpCcrQ%253D
2026-05-15 18:48:32,769 [ERROR] GET fail (3): 404 Client Error: Not Found for url: https://www.cheapshark.com/api/1.0/deals?id=ymIO1UaaVTIbpqUn3SABcCjn3d9mQnqh0OnGnGpCcrQ%253D
2026-05-15 18:48:39,720 [ERROR] GET fail (1): 404 Client Error: Not Found for url: https://www.cheapshark.com/api/1.0/deals?id=sS2YcemCkJJjex6WesVsp%252BgnMOAlqnPmHeiHq1HFihc%253D
2026-05-15 18:48:42,252 [ERROR] GET fail (2): 404 Client Error: Not Found for url: https://www.cheapshark.com/api/1.0/deals?id=sS2YcemCkJJjex6WesVsp%252BgnMOAlqnPmHeiHq1HFihc%253D
2026-05-15 18:48:46,784 [ERROR] GET fail (3): 404 Client Error: Not Found for url: https://www.cheapshark.com/api/1.0/deals?id=sS2YcemCkJJjex6WesVsp%252BgnMOAlqnPmHeiHq1HFihc%253D
2026-05-15 18:48:53,552 [ERROR] GET fail (1): 404 Client Error: Not Found for url: https://www.cheapshark.com/api/1.0/deals?id=fuFe%252FM%252FQkkNR1ej2kGTmDPV8j6kti8jlE9%252BjgYxUjW4%253D
2026-05-15 18:48:56,085 [ERROR] GET fail (2): 404 Client Error: Not Found for url: https://www.cheapshark.com/api/1.0/deals?id=fuFe%252FM%252FQkkNR1ej2kGTmDPV8j6kti8jlE9%252BjgYxUjW4%253D
2026-05-15 18:49:00,621 [ERROR] GET fail (3): 404 Client Error: Not Found for url: https://www.cheapshark.com/api/1.0/deals?id=fuFe%252FM%252FQkkNR1ej2kGTmDPV8j6kti8jlE9%252BjgYxUjW4%253D
2026-05-15 18:49:24,436 [ERROR] GET fail (1): 404 Client Error: Not Found for url: https://www.cheapshark.com/api/1.0/deals?id=FtXwxzXjIhkX0CTBmO8NDHJj0kbyXXsz0LRR8QonU3s%253D
2026-05-15 18:49:26,969 [ERROR] GET fail (2): 404 Client Error: Not Found for url: https://www.cheapshark.com/api/1.0/deals?id=FtXwxzXjIhkX0CTBmO8NDHJj0kbyXXsz0LRR8QonU3s%253D
2026-05-15 18:49:31,504 [ERROR] GET fail (3): 404 Client Error: Not Found for url: https://www.cheapshark.com/api/1.0/deals?id=FtXwxzXjIhkX0CTBmO8NDHJj0kbyXXsz0LRR8QonU3s%253D
2026-05-15 18:49:40,400 [ERROR] GET fail (1): 404 Client Error: Not Found for url: https://www.cheapshark.com/api/1.0/deals?id=l69jRQ3a1jYCZ9qSx9mh2Rty%252BO4Gzm993qYFPnaZbLI%253D
2026-05-15 18:49:42,930 [ERROR] GET fail (2): 404 Client Error: Not Found for url: https://www.cheapshark.com/api/1.0/deals?id=l69jRQ3a1jYCZ9qSx9mh2Rty%252BO4Gzm993qYFPnaZbLI%253D
2026-05-15 18:49:47,462 [ERROR] GET fail (3): 404 Client Error: Not Found for url: https://www.cheapshark.com/api/1.0/deals?id=l69jRQ3a1jYCZ9qSx9mh2Rty%252BO4Gzm993qYFPnaZbLI%253D
2026-05-15 18:49:56,474 [ERROR] GET fail (1): 404 Client Error: Not Found for url: https://www.cheapshark.com/api/1.0/deals?id=cBDCpDHiTXHCw%252F3Y3qA4ulSgu7txEFsEN970aOjI1R0%253D
2026-05-15 18:49:59,003 [ERROR] GET fail (2): 404 Client Error: Not Found for url: https://www.cheapshark.com/api/1.0/deals?id=cBDCpDHiTXHCw%252F3Y3qA4ulSgu7txEFsEN970aOjI1R0%253D
2026-05-15 18:50:03,534 [ERROR] GET fail (3): 404 Client Error: Not Found for url: https://www.cheapshark.com/api/1.0/deals?id=cBDCpDHiTXHCw%252F3Y3qA4ulSgu7txEFsEN970aOjI1R0%253D
2026-05-15 18:50:10,214 [ERROR] GET fail (1): 404 Client Error: Not Found for url: https://www.cheapshark.com/api/1.0/deals?id=VrYEH%252FPDNtQxyvq58aXsf07QEWBC1FM%252BqM2%252BRR0wssA%253D
2026-05-15 18:50:12,744 [ERROR] GET fail (2): 404 Client Error: Not Found for url: https://www.cheapshark.com/api/1.0/deals?id=VrYEH%252FPDNtQxyvq58aXsf07QEWBC1FM%252BqM2%252BRR0wssA%253D
2026-05-15 18:50:17,276 [ERROR] GET fail (3): 404 Client Error: Not Found for url: https://www.cheapshark.com/api/1.0/deals?id=VrYEH%252FPDNtQxyvq58aXsf07QEWBC1FM%252BqM2%252BRR0wssA%253D
2026-05-15 18:50:30,162 [ERROR] GET fail (1): 404 Client Error: Not Found for url: https://www.cheapshark.com/api/1.0/deals?id=YsH9X46nhzplPpUN8lVtCiy8RipxJ2kZKX3zX46aGZA%253D
2026-05-15 18:50:32,692 [ERROR] GET fail (2): 404 Client Error: Not Found for url: https://www.cheapshark.com/api/1.0/deals?id=YsH9X46nhzplPpUN8lVtCiy8RipxJ2kZKX3zX46aGZA%253D
2026-05-15 18:50:37,224 [ERROR] GET fail (3): 404 Client Error: Not Found for url: https://www.cheapshark.com/api/1.0/deals?id=YsH9X46nhzplPpUN8lVtCiy8RipxJ2kZKX3zX46aGZA%253D
2026-05-15 18:50:52,096 [ERROR] GET fail (1): 404 Client Error: Not Found for url: https://www.cheapshark.com/api/1.0/deals?id=Fz6%252BJtKM1V35v1mQBM6%252BRJSwqtxji%252BOXYKNh6tOfyKI%253D
2026-05-15 18:50:54,629 [ERROR] GET fail (2): 404 Client Error: Not Found for url: https://www.cheapshark.com/api/1.0/deals?id=Fz6%252BJtKM1V35v1mQBM6%252BRJSwqtxji%252BOXYKNh6tOfyKI%253D
2026-05-15 18:50:59,161 [ERROR] GET fail (3): 404 Client Error: Not Found for url: https://www.cheapshark.com/api/1.0/deals?id=Fz6%252BJtKM1V35v1mQBM6%252BRJSwqtxji%252BOXYKNh6tOfyKI%253D
2026-05-15 18:51:09,372 [ERROR] GET fail (1): 404 Client Error: Not Found for url: https://www.cheapshark.com/api/1.0/deals?id=oy3UzXe26%252Far4XGI%252FHMJIlbvOrQsFPM8Rv2AEAtNdT4%253D
2026-05-15 18:51:11,905 [ERROR] GET fail (2): 404 Client Error: Not Found for url: https://www.cheapshark.com/api/1.0/deals?id=oy3UzXe26%252Far4XGI%252FHMJIlbvOrQsFPM8Rv2AEAtNdT4%253D
2026-05-15 18:51:16,440 [ERROR] GET fail (3): 404 Client Error: Not Found for url: https://www.cheapshark.com/api/1.0/deals?id=oy3UzXe26%252Far4XGI%252FHMJIlbvOrQsFPM8Rv2AEAtNdT4%253D
2026-05-15 18:51:30,519 [ERROR] GET fail (1): 404 Client Error: Not Found for url: https://www.cheapshark.com/api/1.0/deals?id=XHjFbrTGTja%252B5wmeo4%252Fotv9O5KFL9M%252FKbFrnehxlyvY%253D
2026-05-15 18:51:33,050 [ERROR] GET fail (2): 404 Client Error: Not Found for url: https://www.cheapshark.com/api/1.0/deals?id=XHjFbrTGTja%252B5wmeo4%252Fotv9O5KFL9M%252FKbFrnehxlyvY%253D
2026-05-15 18:51:37,584 [ERROR] GET fail (3): 404 Client Error: Not Found for url: https://www.cheapshark.com/api/1.0/deals?id=XHjFbrTGTja%252B5wmeo4%252Fotv9O5KFL9M%252FKbFrnehxlyvY%253D
2026-05-15 18:51:44,268 [ERROR] GET fail (1): 404 Client Error: Not Found for url: https://www.cheapshark.com/api/1.0/deals?id=MAljH8oVeVdzz%252BELsmGFvqL3KPUAp90bgNWF0g%252BQ4MU%253D
2026-05-15 18:51:46,799 [ERROR] GET fail (2): 404 Client Error: Not Found for url: https://www.cheapshark.com/api/1.0/deals?id=MAljH8oVeVdzz%252BELsmGFvqL3KPUAp90bgNWF0g%252BQ4MU%253D
2026-05-15 18:51:51,329 [ERROR] GET fail (3): 404 Client Error: Not Found for url: https://www.cheapshark.com/api/1.0/deals?id=MAljH8oVeVdzz%252BELsmGFvqL3KPUAp90bgNWF0g%252BQ4MU%253D
2026-05-15 18:51:58,159 [ERROR] GET fail (1): 404 Client Error: Not Found for url: https://www.cheapshark.com/api/1.0/deals?id=gG2%252Bohshlnn7OrFVMY0XyW%252FmVNngWNdY1auy7L5aOAc%253D
2026-05-15 18:52:00,697 [ERROR] GET fail (2): 404 Client Error: Not Found for url: https://www.cheapshark.com/api/1.0/deals?id=gG2%252Bohshlnn7OrFVMY0XyW%252FmVNngWNdY1auy7L5aOAc%253D
2026-05-15 18:52:05,228 [ERROR] GET fail (3): 404 Client Error: Not Found for url: https://www.cheapshark.com/api/1.0/deals?id=gG2%252Bohshlnn7OrFVMY0XyW%252FmVNngWNdY1auy7L5aOAc%253D
2026-05-15 18:52:12,380 [ERROR] GET fail (1): 404 Client Error: Not Found for url: https://www.cheapshark.com/api/1.0/deals?id=MNeCPwsOA2Ep3wim%252FLwY4C0rcPZGEkwjwOSlzBwXs8c%253D
2026-05-15 18:52:14,913 [ERROR] GET fail (2): 404 Client Error: Not Found for url: https://www.cheapshark.com/api/1.0/deals?id=MNeCPwsOA2Ep3wim%252FLwY4C0rcPZGEkwjwOSlzBwXs8c%253D
2026-05-15 18:52:19,449 [ERROR] GET fail (3): 404 Client Error: Not Found for url: https://www.cheapshark.com/api/1.0/deals?id=MNeCPwsOA2Ep3wim%252FLwY4C0rcPZGEkwjwOSlzBwXs8c%253D
2026-05-15 18:52:33,934 [ERROR] GET fail (1): 404 Client Error: Not Found for url: https://www.cheapshark.com/api/1.0/deals?id=qcve0AK7VxkK6%252B06UUGWOLNBE9ulBNcOs4SE%252Bh9LhfU%253D
2026-05-15 18:52:36,465 [ERROR] GET fail (2): 404 Client Error: Not Found for url: https://www.cheapshark.com/api/1.0/deals?id=qcve0AK7VxkK6%252B06UUGWOLNBE9ulBNcOs4SE%252Bh9LhfU%253D
2026-05-15 18:52:40,997 [ERROR] GET fail (3): 404 Client Error: Not Found for url: https://www.cheapshark.com/api/1.0/deals?id=qcve0AK7VxkK6%252B06UUGWOLNBE9ulBNcOs4SE%252Bh9LhfU%253D
2026-05-15 18:52:51,063 [ERROR] GET fail (1): 404 Client Error: Not Found for url: https://www.cheapshark.com/api/1.0/deals?id=YtIf4EX37PjeBr3sTDKvPpscPdaSVqbbyOfV6K90hh8%253D
2026-05-15 18:52:53,593 [ERROR] GET fail (2): 404 Client Error: Not Found for url: https://www.cheapshark.com/api/1.0/deals?id=YtIf4EX37PjeBr3sTDKvPpscPdaSVqbbyOfV6K90hh8%253D
2026-05-15 18:52:58,123 [ERROR] GET fail (3): 404 Client Error: Not Found for url: https://www.cheapshark.com/api/1.0/deals?id=YtIf4EX37PjeBr3sTDKvPpscPdaSVqbbyOfV6K90hh8%253D
2026-05-15 18:53:04,922 [ERROR] GET fail (1): 404 Client Error: Not Found for url: https://www.cheapshark.com/api/1.0/deals?id=eEGttnyCdrVPy9A97Cdc10xPrAikTqlNqWYuuGjag5s%253D
2026-05-15 18:53:07,457 [ERROR] GET fail (2): 404 Client Error: Not Found for url: https://www.cheapshark.com/api/1.0/deals?id=eEGttnyCdrVPy9A97Cdc10xPrAikTqlNqWYuuGjag5s%253D
2026-05-15 18:53:11,987 [ERROR] GET fail (3): 404 Client Error: Not Found for url: https://www.cheapshark.com/api/1.0/deals?id=eEGttnyCdrVPy9A97Cdc10xPrAikTqlNqWYuuGjag5s%253D
2026-05-15 18:53:19,381 [ERROR] GET fail (1): 404 Client Error: Not Found for url: https://www.cheapshark.com/api/1.0/deals?id=8jB4yKM3q4Yuz6kkOCpwvRjIpg1b6H%252FkSwKasPLacyU%253D
2026-05-15 18:53:21,914 [ERROR] GET fail (2): 404 Client Error: Not Found for url: https://www.cheapshark.com/api/1.0/deals?id=8jB4yKM3q4Yuz6kkOCpwvRjIpg1b6H%252FkSwKasPLacyU%253D
2026-05-15 18:53:26,444 [ERROR] GET fail (3): 404 Client Error: Not Found for url: https://www.cheapshark.com/api/1.0/deals?id=8jB4yKM3q4Yuz6kkOCpwvRjIpg1b6H%252FkSwKasPLacyU%253D
2026-05-15 18:53:43,347 [ERROR] GET fail (1): 404 Client Error: Not Found for url: https://www.cheapshark.com/api/1.0/deals?id=Lsj1iU239vrwCoMT4r6oPA%252FpBPKwIvUx9vOmxT%252B7QH0%253D
2026-05-15 18:53:45,878 [ERROR] GET fail (2): 404 Client Error: Not Found for url: https://www.cheapshark.com/api/1.0/deals?id=Lsj1iU239vrwCoMT4r6oPA%252FpBPKwIvUx9vOmxT%252B7QH0%253D
2026-05-15 18:53:50,414 [ERROR] GET fail (3): 404 Client Error: Not Found for url: https://www.cheapshark.com/api/1.0/deals?id=Lsj1iU239vrwCoMT4r6oPA%252FpBPKwIvUx9vOmxT%252B7QH0%253D
2026-05-15 18:53:57,112 [ERROR] GET fail (1): 404 Client Error: Not Found for url: https://www.cheapshark.com/api/1.0/deals?id=%252BgwLW9Uwgyuy%252F8z6Yw2cv5Aj746TPA8otRmC%252Bw08FQw%253D
2026-05-15 18:53:59,643 [ERROR] GET fail (2): 404 Client Error: Not Found for url: https://www.cheapshark.com/api/1.0/deals?id=%252BgwLW9Uwgyuy%252F8z6Yw2cv5Aj746TPA8otRmC%252Bw08FQw%253D
2026-05-15 18:54:04,176 [ERROR] GET fail (3): 404 Client Error: Not Found for url: https://www.cheapshark.com/api/1.0/deals?id=%252BgwLW9Uwgyuy%252F8z6Yw2cv5Aj746TPA8otRmC%252Bw08FQw%253D
2026-05-15 18:54:08,471 [ERROR] GET fail (1): 404 Client Error: Not Found for url: https://www.cheapshark.com/api/1.0/deals?id=zHakxYt9LW%252Bsm%252FduphRkg2q5Gy0%252Fu7%252B3rXegWUdMm9U%253D
2026-05-15 18:54:11,007 [ERROR] GET fail (2): 404 Client Error: Not Found for url: https://www.cheapshark.com/api/1.0/deals?id=zHakxYt9LW%252Bsm%252FduphRkg2q5Gy0%252Fu7%252B3rXegWUdMm9U%253D
2026-05-15 18:54:15,537 [ERROR] GET fail (3): 404 Client Error: Not Found for url: https://www.cheapshark.com/api/1.0/deals?id=zHakxYt9LW%252Bsm%252FduphRkg2q5Gy0%252Fu7%252B3rXegWUdMm9U%253D
2026-05-15 18:54:23,061 [ERROR] GET fail (1): 404 Client Error: Not Found for url: https://www.cheapshark.com/api/1.0/deals?id=80uYWqzdm25MLfMq%252FwHUewW6RAySGukMucbm16pB%252Bfg%253D
2026-05-15 18:54:25,593 [ERROR] GET fail (2): 404 Client Error: Not Found for url: https://www.cheapshark.com/api/1.0/deals?id=80uYWqzdm25MLfMq%252FwHUewW6RAySGukMucbm16pB%252Bfg%253D
2026-05-15 18:54:30,126 [ERROR] GET fail (3): 404 Client Error: Not Found for url: https://www.cheapshark.com/api/1.0/deals?id=80uYWqzdm25MLfMq%252FwHUewW6RAySGukMucbm16pB%252Bfg%253D
2026-05-15 18:54:40,740 [ERROR] GET fail (1): 404 Client Error: Not Found for url: https://www.cheapshark.com/api/1.0/deals?id=bOrCdH9C6mgCLwT%252FKNlb%252BwEbqn5sEaMSO1Uqwn2r5KQ%253D
2026-05-15 18:54:43,272 [ERROR] GET fail (2): 404 Client Error: Not Found for url: https://www.cheapshark.com/api/1.0/deals?id=bOrCdH9C6mgCLwT%252FKNlb%252BwEbqn5sEaMSO1Uqwn2r5KQ%253D
2026-05-15 18:54:47,800 [ERROR] GET fail (3): 404 Client Error: Not Found for url: https://www.cheapshark.com/api/1.0/deals?id=bOrCdH9C6mgCLwT%252FKNlb%252BwEbqn5sEaMSO1Uqwn2r5KQ%253D
2026-05-15 18:54:54,503 [ERROR] GET fail (1): 404 Client Error: Not Found for url: https://www.cheapshark.com/api/1.0/deals?id=xD2549r67aUGHwPZNVqOjKS8a%252Fy9dCvzycs%252BNxtwuzg%253D
2026-05-15 18:54:57,034 [ERROR] GET fail (2): 404 Client Error: Not Found for url: https://www.cheapshark.com/api/1.0/deals?id=xD2549r67aUGHwPZNVqOjKS8a%252Fy9dCvzycs%252BNxtwuzg%253D
2026-05-15 18:55:01,571 [ERROR] GET fail (3): 404 Client Error: Not Found for url: https://www.cheapshark.com/api/1.0/deals?id=xD2549r67aUGHwPZNVqOjKS8a%252Fy9dCvzycs%252BNxtwuzg%253D
2026-05-15 18:55:08,280 [ERROR] GET fail (1): 404 Client Error: Not Found for url: https://www.cheapshark.com/api/1.0/deals?id=RDsV7IAGh3PoQSVHEejaQA%252FLjqJmnQ%252BnZ0McS6yC3HM%253D
2026-05-15 18:55:10,814 [ERROR] GET fail (2): 404 Client Error: Not Found for url: https://www.cheapshark.com/api/1.0/deals?id=RDsV7IAGh3PoQSVHEejaQA%252FLjqJmnQ%252BnZ0McS6yC3HM%253D
2026-05-15 18:55:15,346 [ERROR] GET fail (3): 404 Client Error: Not Found for url: https://www.cheapshark.com/api/1.0/deals?id=RDsV7IAGh3PoQSVHEejaQA%252FLjqJmnQ%252BnZ0McS6yC3HM%253D
2026-05-15 18:55:24,537 [ERROR] GET fail (1): 404 Client Error: Not Found for url: https://www.cheapshark.com/api/1.0/deals?id=uYxQg7yDUWWHKGNKMAL2OVd6Q3Cbz39MsyofnL9UXbQ%253D
2026-05-15 18:55:27,147 [ERROR] GET fail (2): 404 Client Error: Not Found for url: https://www.cheapshark.com/api/1.0/deals?id=uYxQg7yDUWWHKGNKMAL2OVd6Q3Cbz39MsyofnL9UXbQ%253D
2026-05-15 18:55:31,683 [ERROR] GET fail (3): 404 Client Error: Not Found for url: https://www.cheapshark.com/api/1.0/deals?id=uYxQg7yDUWWHKGNKMAL2OVd6Q3Cbz39MsyofnL9UXbQ%253D
2026-05-15 18:55:47,665 [ERROR] GET fail (1): 404 Client Error: Not Found for url: https://www.cheapshark.com/api/1.0/deals?id=1PQV77HtUFNL523gTrv3TRo%252F9jb48futRpnMhydONrE%253D
2026-05-15 18:55:50,198 [ERROR] GET fail (2): 404 Client Error: Not Found for url: https://www.cheapshark.com/api/1.0/deals?id=1PQV77HtUFNL523gTrv3TRo%252F9jb48futRpnMhydONrE%253D
2026-05-15 18:55:54,730 [ERROR] GET fail (3): 404 Client Error: Not Found for url: https://www.cheapshark.com/api/1.0/deals?id=1PQV77HtUFNL523gTrv3TRo%252F9jb48futRpnMhydONrE%253D
2026-05-15 18:56:01,672 [ERROR] GET fail (1): 404 Client Error: Not Found for url: https://www.cheapshark.com/api/1.0/deals?id=1yycbMaMCA1cWlrGfqTaZwNmEHi%252BFcSf2sucN5NIC1c%253D
2026-05-15 18:56:04,205 [ERROR] GET fail (2): 404 Client Error: Not Found for url: https://www.cheapshark.com/api/1.0/deals?id=1yycbMaMCA1cWlrGfqTaZwNmEHi%252BFcSf2sucN5NIC1c%253D
2026-05-15 18:56:08,737 [ERROR] GET fail (3): 404 Client Error: Not Found for url: https://www.cheapshark.com/api/1.0/deals?id=1yycbMaMCA1cWlrGfqTaZwNmEHi%252BFcSf2sucN5NIC1c%253D
2026-05-15 18:56:20,834 [ERROR] GET fail (1): 404 Client Error: Not Found for url: https://www.cheapshark.com/api/1.0/deals?id=Q2Yu2v2RhBnphOwWz4sQsgZEDufjfST0FX5WmhWYbJ4%253D
2026-05-15 18:56:23,374 [ERROR] GET fail (2): 404 Client Error: Not Found for url: https://www.cheapshark.com/api/1.0/deals?id=Q2Yu2v2RhBnphOwWz4sQsgZEDufjfST0FX5WmhWYbJ4%253D
2026-05-15 18:56:27,906 [ERROR] GET fail (3): 404 Client Error: Not Found for url: https://www.cheapshark.com/api/1.0/deals?id=Q2Yu2v2RhBnphOwWz4sQsgZEDufjfST0FX5WmhWYbJ4%253D
2026-05-15 18:56:34,616 [ERROR] GET fail (1): 404 Client Error: Not Found for url: https://www.cheapshark.com/api/1.0/deals?id=AnZYtbk3kkZAxpbM%252Bb%252BD5Oe1VNXghyEQRZb5dEQrIUU%253D
2026-05-15 18:56:37,147 [ERROR] GET fail (2): 404 Client Error: Not Found for url: https://www.cheapshark.com/api/1.0/deals?id=AnZYtbk3kkZAxpbM%252Bb%252BD5Oe1VNXghyEQRZb5dEQrIUU%253D
2026-05-15 18:56:41,679 [ERROR] GET fail (3): 404 Client Error: Not Found for url: https://www.cheapshark.com/api/1.0/deals?id=AnZYtbk3kkZAxpbM%252Bb%252BD5Oe1VNXghyEQRZb5dEQrIUU%253D
2026-05-15 18:56:51,103 [ERROR] GET fail (1): 404 Client Error: Not Found for url: https://www.cheapshark.com/api/1.0/deals?id=aT6le8%252F%252Bg0jydNvrXNLRHxRqZmjcK%252BSKlEr44DBfRws%253D
2026-05-15 18:56:53,634 [ERROR] GET fail (2): 404 Client Error: Not Found for url: https://www.cheapshark.com/api/1.0/deals?id=aT6le8%252F%252Bg0jydNvrXNLRHxRqZmjcK%252BSKlEr44DBfRws%253D
2026-05-15 18:56:58,166 [ERROR] GET fail (3): 404 Client Error: Not Found for url: https://www.cheapshark.com/api/1.0/deals?id=aT6le8%252F%252Bg0jydNvrXNLRHxRqZmjcK%252BSKlEr44DBfRws%253D
2026-05-15 18:57:05,064 [ERROR] GET fail (1): 404 Client Error: Not Found for url: https://www.cheapshark.com/api/1.0/deals?id=MgAQjpe88Kxjr9LHWv49g0lq%252B%252BX3XBS%252FPy4Kb5j%252Fcdc%253D
2026-05-15 18:57:07,595 [ERROR] GET fail (2): 404 Client Error: Not Found for url: https://www.cheapshark.com/api/1.0/deals?id=MgAQjpe88Kxjr9LHWv49g0lq%252B%252BX3XBS%252FPy4Kb5j%252Fcdc%253D
2026-05-15 18:57:12,126 [ERROR] GET fail (3): 404 Client Error: Not Found for url: https://www.cheapshark.com/api/1.0/deals?id=MgAQjpe88Kxjr9LHWv49g0lq%252B%252BX3XBS%252FPy4Kb5j%252Fcdc%253D
2026-05-15 18:57:12,127 [INFO] Skipped DLC/Edition: Call of Duty: Modern Warfare Remastered
2026-05-15 18:57:18,883 [ERROR] GET fail (1): 404 Client Error: Not Found for url: https://www.cheapshark.com/api/1.0/deals?id=dD3kQG%252F9jluCR1aPUGlwOZv7SjF3IlaYmqQa237OeGc%253D
2026-05-15 18:57:21,414 [ERROR] GET fail (2): 404 Client Error: Not Found for url: https://www.cheapshark.com/api/1.0/deals?id=dD3kQG%252F9jluCR1aPUGlwOZv7SjF3IlaYmqQa237OeGc%253D
2026-05-15 18:57:25,943 [ERROR] GET fail (3): 404 Client Error: Not Found for url: https://www.cheapshark.com/api/1.0/deals?id=dD3kQG%252F9jluCR1aPUGlwOZv7SjF3IlaYmqQa237OeGc%253D
2026-05-15 18:57:35,881 [ERROR] GET fail (1): 404 Client Error: Not Found for url: https://www.cheapshark.com/api/1.0/deals?id=JLFqGNvtew3enSlgxRtAZBJ3GeU4Rd0XYhGePiQcaI8%253D
2026-05-15 18:57:38,414 [ERROR] GET fail (2): 404 Client Error: Not Found for url: https://www.cheapshark.com/api/1.0/deals?id=JLFqGNvtew3enSlgxRtAZBJ3GeU4Rd0XYhGePiQcaI8%253D
2026-05-15 18:57:42,945 [ERROR] GET fail (3): 404 Client Error: Not Found for url: https://www.cheapshark.com/api/1.0/deals?id=JLFqGNvtew3enSlgxRtAZBJ3GeU4Rd0XYhGePiQcaI8%253D
2026-05-15 18:57:49,807 [ERROR] GET fail (1): 404 Client Error: Not Found for url: https://www.cheapshark.com/api/1.0/deals?id=vQxmFDhkRRZSLeNZBzbnlG%252F8YhfkhdPgU9Ny%252Bg%252BA1E0%253D
2026-05-15 18:57:52,337 [ERROR] GET fail (2): 404 Client Error: Not Found for url: https://www.cheapshark.com/api/1.0/deals?id=vQxmFDhkRRZSLeNZBzbnlG%252F8YhfkhdPgU9Ny%252Bg%252BA1E0%253D
2026-05-15 18:57:56,867 [ERROR] GET fail (3): 404 Client Error: Not Found for url: https://www.cheapshark.com/api/1.0/deals?id=vQxmFDhkRRZSLeNZBzbnlG%252F8YhfkhdPgU9Ny%252Bg%252BA1E0%253D
2026-05-15 18:57:59,595 [INFO] Filtered out 11 DLC/expansion entries
2026-05-15 18:57:59,610 [INFO] Saved: C:\Users\ACER\Downloads\auk 2\output\bitscore_20260515_185759.json
